[capture] cost estimate workflow
[capture] cost estimate result handoff
[capture] result
[capture] live metal prices
[capture] literature benchmarks
[capture] source library
page.screenshot: Clipped area is either empty or outside the resulting image
Call log:
  - taking page screenshot
  - waiting for fonts to load...
  - fonts loaded

    at captureClip (C:\Users\user\Desktop\COMET-autonomous-2026-09-06\scripts\capture_readme_screens.mjs:27:14)
    at captureSelectorSliceFromText (C:\Users\user\Desktop\COMET-autonomous-2026-09-06\scripts\capture_readme_screens.mjs:144:9)
    at async main (C:\Users\user\Desktop\COMET-autonomous-2026-09-06\scripts\capture_readme_screens.mjs:432:5) {
  log: [
    '  - taking page screenshot',
    '  - waiting for fonts to load...',
    '  - fonts loaded'
  ],
  name: 'Error'
}
