........................................................................ [ 11%]
........................................................................ [ 23%]
........................................................................ [ 35%]
........................................................................ [ 47%]
........................................................................ [ 59%]
........................................................................ [ 71%]
........................................................................ [ 83%]
........................................................................ [ 95%]
.............................                                            [100%]
=============================== tests coverage ================================
_______________ coverage: platform win32, python 3.14.0-final-0 _______________

Name                               Stmts   Miss  Cover   Missing
----------------------------------------------------------------
backend\core\__init__.py               0      0   100%
backend\core\breakeven.py            123     10    92%   64-65, 82, 107-109, 154, 175, 179, 211
backend\core\capex_opex.py            52      0   100%
backend\core\constants.py             25      0   100%
backend\core\cost_engine.py           91     10    89%   55, 57, 64, 140-141, 144, 176-183, 206
backend\core\decision_engine.py      159      4    97%   63, 205, 227, 293
backend\core\electrocatalyst.py       50      0   100%
backend\core\lca.py                   92      2    98%   54, 139
backend\core\material_pricing.py     218     20    91%   41, 56, 83, 137, 148-154, 221, 284-291, 319, 397, 431-438
backend\core\materials_calc.py        55      2    96%   155, 158
backend\core\price_escalation.py      51      5    90%   25-28, 120
backend\core\price_evidence.py        50      1    98%   228
backend\core\price_fetcher.py        472    245    48%   123-148, 159-160, 202-204, 208-211, 217, 229, 231, 251, 273-281, 295-308, 312-348, 352-374, 379-448, 453, 459, 464-465, 479, 484, 490-491, 506-517, 530, 551-580, 607-610, 634-636, 650-652, 665-672, 711-743, 767, 776-778, 795-796, 804-823, 856-888, 897, 916-927
backend\core\process_energy.py        58      0   100%
backend\core\reference_basis.py       43      0   100%
backend\core\spent_catalyst.py        43      1    98%   55
backend\core\step_method.py           61      1    98%   60
backend\core\uncertainty.py           64     11    83%   129, 133, 140, 154-156, 176-183
----------------------------------------------------------------
TOTAL                               1707    312    82%
Coverage JSON written to file docs/audit/t13-coverage-before.json
605 passed in 370.75s (0:06:10)
